// Jest Snapshot v1, https://goo.gl/fbAQLP

exports[`renders correctly 1`] = `
<li>
  <div>
    <p>
      Carbon: 3μg/m3
    </p>
    <p>
      Nitrogen Dioxide: 3μg/m3
    </p>
    <p>
      Nitrogen Monoxide: 3μg/m3
    </p>
    <p>
      Sulphur Dioxide: 5μg/m3
    </p>
    <p>
      Ozone: 4μg/m3
    </p>
    <p>
      Air Quality Index: 3 ()
    </p>
  </div>
</li>
`;

exports[`renders list item correctly 1`] = `
<li>
  <div>
    <p>
      Carbon: 3μg/m3
    </p>
    <p>
      Nitrogen Dioxide: 3μg/m3
    </p>
    <p>
      Nitrogen Monoxide: 3μg/m3
    </p>
    <p>
      Sulphur Dioxide: 5μg/m3
    </p>
    <p>
      Ozone: 4μg/m3
    </p>
    <p>
      Air Quality Index: 3 ()
    </p>
  </div>
</li>
`;

exports[`renders quote correctly 1`] = `
<li>
  <div>
    <p>
      Carbon: 3μg/m3
    </p>
    <p>
      Nitrogen Dioxide: 3μg/m3
    </p>
    <p>
      Nitrogen Monoxide: 3μg/m3
    </p>
    <p>
      Sulphur Dioxide: 5μg/m3
    </p>
    <p>
      Ozone: 4μg/m3
    </p>
    <p>
      Air Quality Index: 3 ()
    </p>
  </div>
</li>
`;
